../Core/lib/MotorControl.c:368:6:setKincoErrorStatus	16	static
../Core/lib/MotorControl.c:387:6:MotorIsConnected	16	static
../Core/lib/MotorControl.c:395:6:CanRecieverCallback	56	static
../Core/lib/MotorControl.c:424:19:CreateMessage	80	static
../Core/lib/MotorControl.c:453:6:MotorInit	16	static
../Core/lib/MotorControl.c:461:6:SetOperationMode	72	static
../Core/lib/MotorControl.c:477:6:SetControlWord	72	static
../Core/lib/MotorControl.c:492:6:SDOSetSpeed	128	static
../Core/lib/MotorControl.c:507:6:SDOProfileAcc	128	static
../Core/lib/MotorControl.c:522:6:SDOProfileDec	128	static
../Core/lib/MotorControl.c:538:6:SDOResetErrors	72	static
../Core/lib/MotorControl.c:554:6:SetSpeed	120	static
../Core/lib/MotorControl.c:564:6:NMTmanagement	24	static
../Core/lib/MotorControl.c:578:6:readParameter	16	static
../Core/lib/MotorControl.c:597:6:motorControl	24	static
../Core/lib/MotorControl.c:627:6:motorErrorReset	8	static
../Core/lib/MotorControl.c:635:8:rpmToSpeed	40	static
../Core/lib/MotorControl.c:645:5:speedToRpm	40	static
../Core/lib/MotorControl.c:655:5:speedToRps	16	static
../Core/lib/MotorControl.c:660:5:distanceToPulses	40	static
../Core/lib/MotorControl.c:673:8:calculateAcceleration	56	static
