../Core/lib/MotorControl.c:32:6:setKincoErrorStatus	16	static
../Core/lib/MotorControl.c:51:6:MotorIsConnected	16	static
../Core/lib/MotorControl.c:58:6:CanRecieverCallback	56	static
../Core/lib/MotorControl.c:87:19:CreateMessage	80	static
../Core/lib/MotorControl.c:116:6:MotorInit	16	static
../Core/lib/MotorControl.c:124:6:SetOperationMode	72	static
../Core/lib/MotorControl.c:140:6:SetControlWord	72	static
../Core/lib/MotorControl.c:155:6:SDOSetSpeed	128	static
../Core/lib/MotorControl.c:170:6:SDOProfileAcc	128	static
../Core/lib/MotorControl.c:185:6:SDOProfileDec	128	static
../Core/lib/MotorControl.c:201:6:SDOResetErrors	72	static
../Core/lib/MotorControl.c:217:6:SetSpeed	120	static
../Core/lib/MotorControl.c:227:6:NMTmanagement	24	static
../Core/lib/MotorControl.c:241:6:readParameter	16	static
../Core/lib/MotorControl.c:260:6:motorControl	24	static
../Core/lib/MotorControl.c:293:6:motorErrorReset	8	static
../Core/lib/MotorControl.c:301:8:rpmToSpeed	40	static
../Core/lib/MotorControl.c:311:5:speedToRpm	40	static
../Core/lib/MotorControl.c:321:5:speedToRps	16	static
